boot "/dev/disk/by-uuid/2026-10-05-10-13-34-00"
candidate /dev/vda "" serial=DCTLTEST0 wwn= tran=virtio size=68719476736 sector=512 parts=/dev/vda1,/dev/vda2
refused /dev/loop0 "" serial= wwn= tran= size=1968136192 sector=512: not a whole disk (loop)
refused /dev/loop1 "" serial= wwn= tran= size=2175993856 sector=512: not a whole disk (loop)
refused /dev/sr0 "QEMU DVD-ROM" serial=QM00001 wwn= tran=sata size=2175993856 sector=2048: boot medium
refused /dev/sr1 "QEMU DVD-ROM" serial=QM00005 wwn= tran=sata size=1073741312 sector=512: not a whole disk (rom)
pick "": /dev/vda
pick "/dev/sr0": error: refusing /dev/sr0: boot medium
pick "/dev/loop1": error: refusing /dev/loop1: not a whole disk (loop)
