adobe-source-code-pro-fonts
alsa-utils
amd-ucode
aquamarine
base
base-devel
bat
bc
beautysh
bitwarden-cli
bluez
bluez-utils
brave-bin
btop
btrfs-progs
caddy
calc
calibre
catppuccin-cursors-macchiato
catppuccin-gtk-theme-macchiato
chromium
clickhouse-client-bin
codespell
cosign
cursor-bin
dart-sass
discord
docker
docker-compose
dunst-git
earlyoom
efibootmgr
electron
erdtree
eslint_d
fd
ffmpegthumbnailer
firefox-developer-edition
fontpreview
fswatch
fuse-overlayfs
fzf
geckodriver
gifsicle
git
github-cli
glava
gnu-netcat
go
gputest
grim
gst-plugin-pipewire
gtk-layer-shell
guvcview
hunspell
hyprcursor
hyprgraphics
hypridle
hyprland
hyprland-guiutils
hyprland-qt-support
hyprlang
hyprlauncher
hyprlock
hyprpicker
hyprpolkitagent
hyprqt6engine
hyprutils
hyprwayland-scanner
imagemagick
imv
inkscape
inotify-tools
just
kitty
kvantum
kvantum-theme-catppuccin-git
lazydocker
lazygit
libcanberra
libnma
libpulse
libreoffice-still
lightningcss-cli-bin
linux
linux-firmware
linux-headers
logiops-git
lsd
lsof
lua-format
lua51
luacheck
luarocks
man-db
md5
mediainfo
mpv
mpvpaper-git
ncdu
neofetch
neovim
networkmanager
networkmanager-l2tp
nordic-bluish-accent-standard-buttons-theme
noto-fonts-cjk
noto-fonts-emoji
noto-fonts-extra
npm
nvimpager
nvtop
nwg-look
onetbb
openssh
ouch
pacman-contrib
pandoc-bin
papirus-folders-catppuccin-git
papirus-icon-theme
paru-bin
pavucontrol
pipewire
pipewire-alsa
pipewire-jack
pipewire-pulse
playerctl
postgresql
prettier
pulsemixer
python-pip
python-pynvim
qbittorrent
rabbitmq
redis
reflector
ripgrep
rustup
sd
sddm
shellcheck-bin
shellharden
slack-desktop-wayland
slurp
socat
spotify-launcher
spotifywm-git
sqlc
sqlfluff
starship
strongswan
stylelint-config-recommended
stylua
tableplus
tailwindcss-bin
tailwindcss-language-server
taplo-cli
thunar
tldr
trash-cli
tree
tree-sitter-cli
ttf-fira-code
ttf-hack
ttf-jetbrains-mono
ttf-nerd-fonts-symbols
ttf-nerd-fonts-symbols-common
ttfautohint-cli
unrtf
unzip
usbutils
v4l2loopback-dkms
vial-appimage
vidir
watchman-bin
wev
wf-recorder
wget
wireplumber
wl-clipboard
xdg-desktop-portal-gtk
xdg-desktop-portal-hyprland
xplr
yarn
yay-bin
zathura
zathura-pdf-mupdf
zoxide
zram-generator
zsh
