adobe-source-code-pro-fonts
age
alsa-utils
amd-ucode
aquamarine
archiso
atuin
base
base-devel
bat
bluez
bluez-utils
btop
btrfs-progs
calc
calibre
chromium
discord
docker
docker-compose
earlyoom
efibootmgr
electron
erdtree
fd
ffmpegthumbnailer
firefox-developer-edition
fuse-overlayfs
fzf
gifsicle
git
github-cli
go
grim
gst-plugin-pipewire
gtk-layer-shell
hunspell
hyprcursor
hyprgraphics
hypridle
hyprland
hyprland-guiutils
hyprland-qt-support
hyprlang
hyprlauncher
hyprlock
hyprpicker
hyprpolkitagent
hyprutils
hyprwayland-scanner
imagemagick
imv
inkscape
inotify-tools
jq
just
kitty
kvantum
lazydocker
lazygit
libcanberra
libnma
libpulse
libreoffice-still
linux
linux-firmware
linux-headers
lsd
lsof
lua51
luarocks
man-db
mediainfo
mpv
ncdu
neovim
networkmanager
networkmanager-l2tp
noto-fonts-cjk
noto-fonts-emoji
noto-fonts-extra
npm
nvtop
nwg-look
oath-toolkit
openssh
ouch
pacman-contrib
papirus-icon-theme
pavucontrol
pipewire
pipewire-alsa
pipewire-jack
pipewire-pulse
playerctl
pulsemixer
python-pip
python-pynvim
qbittorrent
reflector
ripgrep
rsync
rustup
sd
sddm
shellharden
slurp
socat
spotify-launcher
sqlc
starship
strongswan
tailwindcss-language-server
thunar
tldr
trash-cli
tree
tree-sitter-cli
ttf-fira-code
ttf-jetbrains-mono
ttf-nerd-fonts-symbols
ttf-nerd-fonts-symbols-common
ttf-nerd-fonts-symbols-mono
ueberzugpp
unzip
usbutils
virtualbox
wev
wf-recorder
wget
wireplumber
wl-clipboard
words
xdg-desktop-portal-gtk
xdg-desktop-portal-hyprland
xplr
yarn
zathura
zathura-pdf-mupdf
zoxide
zram-generator
zsh
