7zip
abseil-cpp
acl
adobe-source-code-pro-fonts
adwaita-cursors
adwaita-fonts
adwaita-icon-theme
adwaita-icon-theme-legacy
alsa-card-profiles
alsa-lib
alsa-topology-conf
alsa-ucm-conf
alsa-utils
amd-ucode
aom
appstream
aquamarine
archlinux-keyring
argon2
atkmm
at-spi2-core
attr
atuin
audit
autoconf
automake
avahi
ayatana-ido
base
base-devel
bash
bat
bc
beautysh
binutils
bison
bitwarden-cli
blas
blas64-openblas
bluez
bluez-libs
bluez-utils
boost-libs
brave-bin
brotli
btop
btrfs-progs
bubblewrap
bzip2
ca-certificates
ca-certificates-mozilla
ca-certificates-utils
cairo
cairomm
cairomm-1.16
calc
calibre
c-ares
catppuccin-cursors-macchiato
catppuccin-gtk-theme-macchiato
cblas
cdparanoia
cfitsio
chafa
chmlib
chromium
clickhouse-client-bin
clickhouse-common-static-bin
clucene
codespell
composer
containerd
coreutils
cosign
cryptsetup
curl
cursor-bin
darkhttpd
dart-sass
dav1d
db5.3
dbus
dbus-broker
dbus-broker-units
dconf
debugedit
default-cursors
desktop-file-utils
device-mapper
diffutils
discord
dkms
docker
docker-compose
double-conversion
duktape
dunst-git
e2fsprogs
earlyoom
efibootmgr
efivar
electron
electron39
enchant
erdtree
erlang-asn1
erlang-core
erlang-eldap
erlang-inets
erlang-mnesia
erlang-os_mon
erlang-public_key
erlang-runtime_tools
erlang-sasl
erlang-snmp
erlang-ssl
erlang-syntax_tools
erlang-tools
erlang-xmerl
exo
expat
fakeroot
fd
ffmpeg
ffmpegthumbnailer
fftw
file
filesystem
findutils
firefox-developer-edition
flac
flex
fmt
fontconfig
fontpreview
freeglut
freetype2
fribidi
fswatch
fuse2
fuse3
fuse-common
fuse-overlayfs
fzf
gawk
gc
gcc
gcc-libs
gcr
gcr-4
gd
gdb
gdb-common
gdbm
gdk-pixbuf2
geckodriver
geoclue
gettext
ghostscript
giflib
gifsicle
girara
git
github-cli
glava
glaze
glib2
glibc
glibmm
glibmm-2.68
glib-networking
glslang
glu
glycin
gmp
gnome-keyring
gnulib-l10n
gnu-netcat
gnupg
gnutls
go
gobject-introspection-runtime
gperftools
gpgme
gpgmepp
gpm
gputest
graphene
graphicsmagick
graphite
graphviz
grep
grim
groff
gsettings-desktop-schemas
gsettings-system-schemas
gsfonts
gsl
gsm
gspell
gssdp
gst-plugin-pipewire
gst-plugins-bad-libs
gst-plugins-base
gst-plugins-base-libs
gstreamer
gtest
gtk3
gtk4
gtk-layer-shell
gtkmm3
gtkmm-4.0
gtksourceview3
gtksourceview4
gtk-update-icon-cache
gts
guile
gumbo-parser
gupnp
gupnp-igd
guvcview
guvcview-common
gzip
harfbuzz
harfbuzz-icu
hicolor-icon-theme
hidapi
highway
hunspell
hwdata
hwloc
hyphen
hyprcursor
hyprgraphics
hypridle
hyprland
hyprland-guiutils
hyprland-protocols-git
hyprland-qt-support
hyprlang
hyprlauncher
hyprlock
hyprpicker
hyprpolkitagent
hyprqt6engine
hyprtoolkit
hyprutils
hyprwayland-scanner
hyprwire
iana-etc
icu
ijs
imagemagick
imath
imlib2
imv
iniparser
inkscape
inotify-tools
iproute2
iptables
iputils
iso-codes
jansson
jasper
java-environment-common
java-runtime-common
jbig2dec
jbigkit
jdk-openjdk
jemalloc
jq
json-c
json-glib
julia
just
jxrlib
kbd
keyutils
kitty
kitty-shell-integration
kitty-terminfo
kmod
krb5
kvantum
kvantum-theme-catppuccin-git
kwindowsystem
lame
lapack
lazydocker
lazygit
lcms2
leancrypto
leptonica
less
lib2geom
libabw
libadwaita
libarchive
libass
libassuan
libasyncns
libatasmart
libatomic_ops
libavc1394
libavif
libayatana-appindicator
libayatana-indicator
libb2
libblastrampoline
libblockdev
libblockdev-crypto
libblockdev-fs
libblockdev-loop
libblockdev-mdraid
libblockdev-nvme
libblockdev-part
libblockdev-smart
libblockdev-swap
libbluray
libbpf
libbs2b
libbytesize
libcaca
libcamera
libcamera-ipa
libcanberra
libcap
libcap-ng
libcdio
libcdio-paranoia
libcdr
libcgif
libcloudproviders
libcmis
libcolord
libconfig
libcups
libcurl-gnutls
libdaemon
libdatrie
libdbusmenu-glib
libdbusmenu-gtk3
libdc1394
libde265
libdecor
libdeflate
libdisplay-info
libdovi
libdrm
libdvdnav
libdvdread
libe-book
libebur128
libedit
libei
libelf
libepoxy
libepubgen
libetonyek
libevdev
libevent
libexif
libexttextcat
libfdk-aac
libffi
libfontenc
libfreeaptx
libfreehand
libfyaml
libgcrypt
libgee
libgirepository
libgit2
libglvnd
libgpg-error
libgtop
libgudev
libheif
libice
libidn
libidn2
libiec61883
libimagequant
libinih
libinput
libisl
libixion
libjpeg-turbo
libjxl
libksba
liblangtag
liblc3
libldac
libldap
libliftoff
liblqr
libluv
libmakepkg-dropins
libmediainfo
libmm-glib
libmms
libmng
libmnl
libmodplug
libmpc
libmspub
libmtp
libmupdf
libmwaw
libmysofa
libndp
libnet
libnetfilter_conntrack
libnewt
libnfnetlink
libnftnl
libnghttp2
libnghttp3
libngtcp2
libnice
libnl
libnm
libnma
libnma-common
libnotify
libnsbmp
libnsgif
libnsl
libnumbertext
libnvme
libodfgen
libogg
libopenmpt
liborcus
libp11-kit
libpagemaker
libpaper
libpcap
libpciaccess
libpgm
libpipeline
libpipewire
libplacebo
libpng
libproxy
libpsl
libpulse
libqalculate
libqxp
libraqm
libraw1394
libreoffice-still
librevenge
librsvg
librsync
libsamplerate
libsasl
libseccomp
libsecret
libsigc++
libsigc++-3.0
libsixel
libsm
libsndfile
libsodium
libsoup3
libsoxr
libssh
libssh2
libstaroffice
libstemmer
libsynctex
libsysprof-capture
libtasn1
libteam
libthai
libtheora
libtiff
libtirpc
libtommath
libtool
libtorrent-rasterbar
libunibreak
libunistring
libunrar
libunwind
liburing
libusb
libutf8proc
libuv
libva
libvdpau
libverto
libvips
libvisio
libvorbis
libvpl
libvpx
libvterm
libwacom
libwebp
libwireplumber
libwmf
libwpd
libwpg
libwps
libx11
libxau
libxcb
libxcomposite
libxcrypt
libxcursor
libxcvt
libxdamage
libxdmcp
libxext
libxfce4ui
libxfce4util
libxfixes
libxfont2
libxft
libxi
libxinerama
libxkbcommon
libxkbcommon-x11
libxkbfile
libxml2
libxmlb
libxmu
libxpm
libxpresent
libxrandr
libxrender
libxshmfence
libxslt
libxss
libxt
libxtst
libxv
libxxf86vm
libyaml
libyuv
libzen
libzip
libzmf
licenses
lightningcss-cli-bin
lilv
linux
linux-api-headers
linux-firmware
linux-firmware-amdgpu
linux-firmware-atheros
linux-firmware-broadcom
linux-firmware-cirrus
linux-firmware-intel
linux-firmware-mediatek
linux-firmware-nvidia
linux-firmware-other
linux-firmware-radeon
linux-firmware-realtek
linux-firmware-whence
linux-headers
lksctp-tools
lld
llhttp
llvm-julia-libs
llvm-libs
lmdb
lm_sensors
logiops-git
lpsolve
lsd
l-smash
lsof
lua
lua51
lua51-lpeg
lua-argparse
luacheck
lua-filesystem
lua-format
luajit
luarocks
lv2
lz4
lzo
m4
mailcap
make
man-db
md4c
md5
mdadm
mediainfo
mesa
meson
minizip
mkinitcpio
mkinitcpio-busybox
mobile-broadband-provider-info
mpdecimal
mpfr
mpg123
mpv
mpvpaper-git
msgpack-c
mtdev
mujs
muparser
ncdu
ncurses
neofetch
neon
neovim
netpbm
nettle
networkmanager
networkmanager-l2tp
networkmanager-vpn-plugin-l2tp
nftables
ninja
node-gyp
nodejs-lts-jod
nodejs-nopt
nordic-bluish-accent-standard-buttons-theme
noto-fonts
noto-fonts-cjk
noto-fonts-emoji
noto-fonts-extra
npm
npth
nspr
nss
nsxiv
numactl
nvimpager
nvtop
nwg-look
ocl-icd
onetbb
oniguruma
openal
openblas64
opencore-amr
opencv
openexr
openh264
openjpeg2
openlibm
openssh
openssl
optipng
opus
orc
ouch
p11-kit
pacman
pacman-contrib
pacman-mirrorlist
pahole
pam
pambase
pandoc-bin
pango
pangomm
pangomm-2.48
papirus-folders-catppuccin-git
papirus-icon-theme
parted
paru
patch
pavucontrol
pciutils
pcre
pcre2
pcsclite
perl
perl-error
perl-mailtools
perl-timedate
php
pinentry
pipewire
pipewire-alsa
pipewire-audio
pipewire-jack
pipewire-pulse
pixman
pkgconf
playerctl
podofo
polkit
polkit-qt6
poppler
poppler-data
poppler-glib
popt
portaudio
postgresql
postgresql-libs
potrace
ppp
procps-ng
protobuf
psmisc
pugixml
pulsemixer
python
python-appdirs
python-apsw
python-attrs
python-autocommand
python-beautifulsoup4
python-brotli
python-brotlicffi
python-cachecontrol
python-cairo
python-certifi
python-cffi
python-chardet
python-charset-normalizer
python-click
python-colorama
python-cryptography
python-css-parser
python-cssselect
python-dateutil
python-deprecated
python-diff-cover
python-dnspython
python-editorconfig
python-faust-cchardet
python-feedparser
python-filelock
python-gobject
python-greenlet
python-html2text
python-html5lib
python-html5-parser
python-idna
python-ifaddr
python-inflate64
python-inflect
python-iniconfig
python-jaconv
python-jaraco.collections
python-jaraco.context
python-jaraco.functools
python-jaraco.text
python-jeepney
python-jinja
python-lockfile
python-lxml
python-lxml-html-clean
python-markdown
python-markupsafe
python-mechanize
python-more-itertools
python-msgpack
python-multivolumefile
python-netifaces
python-numpy
python-packaging
python-pathspec
python-pdftotext
python-pillow
python-pip
python-platformdirs
python-pluggy
python-psutil
python-py7zr
python-pybcj
python-pychm
python-pycparser
python-pycryptodome
python-pycryptodomex
python-pygments
python-pykakasi
python-pynvim
python-pyppmd
python-pyqt6
python-pyqt6-sip
python-pyqt6-webengine
python-pyserial
python-pytest
python-regex
python-requests
python-setuptools
python-sgmllib3k
python-shtab
python-six
python-soupsieve
python-tblib
python-termcolor
python-texttable
python-tinycss2
python-tomli
python-tqdm
python-typeguard
python-typing_extensions
python-unrardll
python-urllib3
python-webencodings
python-wheel
python-wrapt
python-xxhash
python-yaml
python-zeroconf
python-zstandard
qbittorrent
qoi
qt6-base
qt6-declarative
qt6-imageformats
qt6-multimedia
qt6-multimedia-ffmpeg
qt6-positioning
qt6-speech
qt6-svg
qt6-tools
qt6-translations
qt6-webchannel
qt6-webengine
rabbitmq
ragel
raptor
rasqal
rav1e
re2
readline
redis
redland
reflector
ripgrep
rtkit
rubberband
ruby
rubygems
runc
rustup
sbc
scour
sd
sdbus-cpp
sddm
sdl2-compat
sdl3
seatd
sed
semver
sequoia-sqv
serd
shaderc
shadow
shared-mime-info
shellcheck-bin
shellharden
slack-desktop-wayland
slang
slurp
snappy
socat
sord
sound-theme-freedesktop
source-highlight
spdlog
speex
speexdsp
spirv-tools
spotify-launcher
spotifywm-git
sqlc
sqlfluff
sqlite
sratom
srt
starship
startup-notification
strongswan
stylelint
stylelint-config-recommended
sudo
suitesparse
svt-av1
sxiv
systemd
systemd-libs
systemd-sysvcompat
tableplus
tailwindcss-bin
tailwindcss-language-server
tar
tdb
tesseract
tesseract-data-eng
tesseract-data-osd
texinfo
thunar
tinysparql
tinyxml2
tldr
tomlplusplus
tpm2-tss
trash-cli
tree
tree-sitter
tree-sitter-c
tree-sitter-cli
tree-sitter-lua
tree-sitter-markdown
tree-sitter-query
tree-sitter-vim
tree-sitter-vimdoc
tslib
ttfautohint-cli
ttf-fira-code
ttf-jetbrains-mono
ttf-liberation
ttf-nerd-fonts-symbols
ttf-nerd-fonts-symbols-common
ttf-nerd-fonts-symbols-mono
tzdata
uchardet
udisks2
ueberzugpp
unibilium
unrtf
unzip
usbutils
util-linux
util-linux-libs
v4l2loopback-dkms
v4l-utils
vapoursynth
verdict
vial-appimage
vidir
vid.stab
vmaf
volume_key
vulkan-icd-loader
watchman-bin
wayland
wayland-protocols
webrtc-audio-processing-1
wev
wf-recorder
wget
which
wireplumber
wl-clipboard
wpa_supplicant
x264
x265
xcb-proto
xcb-util
xcb-util-cursor
xcb-util-errors
xcb-util-image
xcb-util-keysyms
xcb-util-renderutil
xcb-util-wm
xcur2png
xdg-desktop-portal
xdg-desktop-portal-gtk
xdg-desktop-portal-hyprland
xdg-utils
xdotool
xf86-input-libinput
xfconf
xkeyboard-config
xl2tpd
xmlsec
xorg-fonts-encodings
xorgproto
xorg-server
xorg-server-common
xorg-setxkbmap
xorg-xauth
xorg-xkbcomp
xorg-xprop
xorg-xset
xorg-xwayland
xplr
xvidcore
xxhash
xz
yarn
yay-bin
zathura
zathura-pdf-mupdf
zenity
zeromq
zimg
zip
zix
zlib
zlib-ng
zoxide
zram-generator
zsh
zstd
zxing-cpp
