# system
amd-ucode
base
linux
linux-firmware-amd
linux-firmware-amdgpu
linux-firmware-mediatek
linux-firmware-realtek
man-db
mkinitcpio
pacman-contrib
reflector
sudo
zram-generator

# boot
btrfs-progs
cryptsetup
dosfstools
efibootmgr
limine
sbctl
snap-pac
snapper

# hardware
bluez
bluez-utils
brightnessctl
ddcutil
earlyoom
fwupd
mesa
nvtop
tuned
usbutils
vulkan-radeon

# security
age
age-plugin-yubikey
ccid
gcr-4
gnome-keyring
libfido2
mkcert
nftables
oath-toolkit
openssh
pcsclite
seahorse
yubikey-manager

# network
libnma
networkmanager
networkmanager-l2tp
openbsd-netcat
socat
tailscale
wget
whois

# audio
alsa-utils
gst-plugin-pipewire
pavucontrol
pipewire
pipewire-alsa
pipewire-jack
pipewire-pulse
pulsemixer
wireplumber

# desktop
dunst
grim
hypridle
hyprland
hyprlauncher
hyprlock
hyprpaper
hyprpicker
hyprpolkitagent
kitty
papirus-icon-theme
playerctl
qt6-multimedia
qt6-multimedia-ffmpeg
quickshell
satty
sddm
slurp
thunar
wev
wf-recorder
wl-clipboard
xdg-desktop-portal-gtk
xdg-desktop-portal-hyprland

# fonts
adobe-source-code-pro-fonts
noto-fonts-emoji
ttf-fira-code
ttf-jetbrains-mono
ttf-nerd-fonts-symbols
ttf-nerd-fonts-symbols-mono

# cli
atuin
bat
bc
btop
calc
erdtree
fd
ffmpeg
ffmpegthumbnailer
fzf
hunspell
inotify-tools
jq
lsd
lsof
ncdu
ouch
poppler
ripgrep
rsync
sd
starship
tldr
trash-cli
tree
unzip
words
xplr
yq
zoxide
zsh

# development
git
just
lazygit
lua51
luarocks
neovim
pkgconf
python-pillow
python-pip
python-pynvim
shellharden
tree-sitter-cli

# apps
firefox-developer-edition
imv
mpv
